// Jest Snapshot v1, https://goo.gl/fbAQLP

exports[`components/layout/app-header renders propery 1`] = `
<header id="mainHeader" data-cy="appHeader">
  <h1 class="brand">Koel</h1> <span class="hamburger"><i class="fa fa-bars"></i></span> <span class="magnifier"><i class="fa fa-search"></i></span>
  <div id="searchForm" class="side search showing"><input type="search" placeholder="Search" class=""></div>
  <div class="header-right"><span id="userBadge" class="profile"><a href="#!/profile" title="View/edit user profile" class="view-profile control"><img src="" alt="Avatar" class="avatar"> <span class="name"></span></a> <a data-cy="btnLogOut" href="#" title="Log out" class="logout control"><i class="fa fa-sign-out"></i></a></span> <a href="/#!/about" title="About Koel" class="about control"><i class="fa fa-info-circle"></i></a></div>
</header>
`;
