// Jest Snapshot v1, https://goo.gl/fbAQLP

exports[`components/ui/view-mode-switch renders properly 1`] = `<span class="view-modes"><label title="View as thumbnails" class="thumbnails active"><input type="radio" value="thumbnails" class="hidden"> <i class="fa fa-th-large"></i> <span class="hidden">View as thumbnails</span></label> <label title="View as list" class="list"><input type="radio" value="list" class="hidden"> <i class="fa fa-list"></i> <span class="hidden">View as list</span></label></span>`;
